1.220: [GC 331K->331K(662K), 0.000708 secs]
1.257: [GC 662K->662K(993K), 0.000490 secs]
1.279: [GC 993K->993K(1325K), 0.000408 secs]
1.298: [GC 1325K->1325K(1656K), 0.000415 secs]
1.319: [GC 1656K->1656K(1987K), 0.000405 secs]
1.340: [GC 1987K->1987K(2319K), 0.000406 secs]
1.360: [GC 2319K->2319K(2650K), 0.000406 secs]
1.380: [GC 2650K->2650K(2981K), 0.000410 secs]
1.401: [GC 2981K->2981K(3313K), 0.000447 secs]
1.422: [GC 3313K->3313K(3644K), 0.000430 secs]
1.446: [GC 3644K->3644K(3975K), 0.000683 secs]
1.485: [GC 3975K->3975K(4306K), 0.000681 secs]
1.515: [GC 4306K->4306K(4638K), 0.000416 secs]
1.534: [GC 4638K->4638K(4969K), 0.000407 secs]
1.554: [GC 4969K->4969K(5300K), 0.000405 secs]
1.574: [GC 5300K->5300K(5632K), 0.000427 secs]
1.593: [GC 5632K->5632K(5963K), 0.000405 secs]
1.612: [GC 5963K->5963K(6294K), 0.000401 secs]
1.631: [GC 6294K->6294K(6626K), 0.000477 secs]
1.650: [GC 6626K->6626K(6957K), 0.000400 secs]
1.683: [GC 6957K->6957K(7288K), 0.000671 secs]
1.718: [GC 7288K->7288K(7619K), 0.000491 secs]
1.739: [GC 7619K->7619K(7951K), 0.000401 secs]
1.758: [GC 7951K->7951K(8282K), 0.000400 secs]
1.776: [GC 8282K->8282K(8613K), 0.000404 secs]
1.795: [GC 8613K->8613K(8945K), 0.000414 secs]
1.813: [GC 8945K->8945K(9276K), 0.000395 secs]
1.831: [GC 9276K->9276K(9607K), 0.000396 secs]
1.849: [GC 9607K->9607K(9939K), 0.000395 secs]
1.868: [GC 9939K->9939K(10270K), 0.000409 secs]
1.888: [GC 10270K->10270K(10601K), 0.000409 secs]
1.926: [GC 10601K->10601K(10932K), 0.000686 secs]
1.962: [GC 10932K->10932K(11264K), 0.000462 secs]
1.984: [GC 11264K->11264K(11595K), 0.000402 secs]
2.004: [GC 11595K->11595K(11926K), 0.000390 secs]
2.024: [GC 11926K->11926K(12258K), 0.000393 secs]
2.043: [GC 12258K->12258K(12589K), 0.000398 secs]
2.063: [GC 12589K->12589K(12920K), 0.000394 secs]
2.082: [GC 12920K->12920K(13252K), 0.000410 secs]
2.101: [GC 13252K->13252K(13583K), 0.000436 secs]
2.121: [GC 13583K->13583K(13914K), 0.000377 secs]
2.146: [GC 13914K->13914K(14245K), 0.000671 secs]
2.184: [GC 14245K->14245K(14577K), 0.000669 secs]
2.212: [GC 14577K->14577K(14908K), 0.000402 secs]
2.231: [GC 14908K->14908K(15239K), 0.000407 secs]
2.251: [GC 15239K->15239K(15571K), 0.000383 secs]
2.272: [GC 15571K->15571K(15902K), 0.000426 secs]
2.292: [GC 15902K->15902K(16233K), 0.000395 secs]
2.312: [GC 16233K->16233K(16565K), 0.000393 secs]
2.331: [GC 16565K->16565K(16896K), 0.000423 secs]
2.351: [GC 16896K->16896K(17227K), 0.000395 secs]
2.377: [GC 17227K->17227K(17558K), 0.000670 secs]
2.416: [GC 17558K->17558K(17890K), 0.000679 secs]
2.444: [GC 17890K->17890K(18221K), 0.000398 secs]
2.463: [GC 18221K->18221K(18552K), 0.000393 secs]
2.483: [GC 18552K->18552K(18884K), 0.000401 secs]
2.502: [GC 18884K->18884K(19215K), 0.000439 secs]
2.520: [GC 19215K->19215K(19546K), 0.000394 secs]
2.539: [GC 19546K->19546K(19878K), 0.000392 secs]
2.558: [GC 19878K->19878K(20209K), 0.000391 secs]
2.576: [GC 20209K->20209K(20540K), 0.000398 secs]
2.596: [GC 20540K->20540K(20871K), 0.000400 secs]
2.620: [GC 20871K->20871K(21203K), 0.000665 secs]
2.660: [GC 21203K->21203K(21534K), 0.000691 secs]
2.688: [GC 21534K->21534K(21865K), 0.000413 secs]
2.708: [GC 21865K->21865K(22197K), 0.000421 secs]
2.728: [GC 22197K->22197K(22528K), 0.000421 secs]
2.747: [GC 22528K->22528K(22859K), 0.000398 secs]
2.767: [GC 22859K->22859K(23191K), 0.000399 secs]
2.786: [GC 23191K->23191K(23522K), 0.000385 secs]
2.806: [GC 23522K->23522K(23853K), 0.000399 secs]
2.845: [GC 23853K->23853K(24184K), 0.000686 secs]
2.878: [GC 24184K->24184K(24516K), 0.000457 secs]
2.899: [GC 24516K->24516K(24847K), 0.000388 secs]
2.919: [GC 24847K->24847K(25178K), 0.000393 secs]
2.939: [GC 25178K->25178K(25510K), 0.000400 secs]
2.959: [GC 25510K->25510K(25841K), 0.000393 secs]
2.979: [GC 25841K->25841K(26172K), 0.000396 secs]
3.000: [GC 26172K->26172K(26504K), 0.000391 secs]
3.025: [GC 26504K->26504K(26835K), 0.000688 secs]
3.064: [GC 26835K->26835K(27166K), 0.000704 secs]
3.094: [GC 27166K->27166K(27497K), 0.000393 secs]
3.114: [GC 27497K->27497K(27829K), 0.000390 secs]
3.134: [GC 27829K->27829K(28160K), 0.000388 secs]
3.153: [GC 28160K->28160K(28491K), 0.000387 secs]
3.173: [GC 28491K->28491K(28823K), 0.000389 secs]
3.192: [GC 28823K->28823K(29154K), 0.000392 secs]
3.212: [GC 29154K->29154K(29485K), 0.000398 secs]
3.234: [GC 29485K->29485K(29817K), 0.000678 secs]
3.273: [GC 29817K->29817K(30148K), 0.000668 secs]
3.305: [GC 30148K->30148K(30479K), 0.000414 secs]
3.324: [GC 30479K->30479K(30810K), 0.000393 secs]
3.344: [GC 30810K->30810K(31142K), 0.000394 secs]
3.364: [GC 31142K->31142K(31473K), 0.000404 secs]
3.384: [GC 31473K->31473K(31804K), 0.000390 secs]
3.405: [GC 31804K->31804K(32136K), 0.000421 secs]
3.425: [GC 32136K->32136K(32467K), 0.000390 secs]
3.458: [GC 32467K->32467K(32798K), 0.000668 secs]
3.497: [GC 32798K->32798K(33130K), 0.000457 secs]
3.520: [GC 33130K->33130K(33461K), 0.000394 secs]
3.541: [GC 33461K->33461K(33792K), 0.000399 secs]
3.561: [GC 33792K->33792K(34123K), 0.000390 secs]
3.581: [GC 34123K->34123K(34455K), 0.000392 secs]
3.601: [GC 34455K->34455K(34786K), 0.000441 secs]
3.622: [GC 34786K->34786K(35117K), 0.000388 secs]
3.642: [GC 35117K->35117K(35449K), 0.000391 secs]
3.667: [GC 35449K->35449K(35780K), 0.000661 secs]
3.707: [GC 35780K->35780K(36111K), 0.000664 secs]
3.736: [GC 36111K->36111K(36443K), 0.000392 secs]
3.756: [GC 36443K->36443K(36774K), 0.000394 secs]
3.776: [GC 36774K->36774K(37105K), 0.000384 secs]
3.796: [GC 37105K->37105K(37436K), 0.000395 secs]
3.817: [GC 37436K->37436K(37768K), 0.000402 secs]
3.837: [GC 37768K->37768K(38099K), 0.000400 secs]
3.858: [GC 38099K->38099K(38430K), 0.000392 secs]
3.877: [GC 38430K->38430K(38762K), 0.000393 secs]
3.911: [GC 38762K->38762K(39093K), 0.000675 secs]
3.948: [GC 39093K->39093K(39424K), 0.000460 secs]
3.970: [GC 39424K->39424K(39756K), 0.000388 secs]
3.989: [GC 39756K->39756K(40087K), 0.000393 secs]
4.009: [GC 40087K->40087K(40418K), 0.000394 secs]
4.028: [GC 40418K->40418K(40749K), 0.000385 secs]
4.047: [GC 40749K->40749K(41081K), 0.000395 secs]
4.066: [GC 41081K->41081K(41412K), 0.000395 secs]
4.085: [GC 41412K->41412K(41743K), 0.000418 secs]
4.103: [GC 41743K->41743K(42075K), 0.000395 secs]
4.136: [GC 42075K->42075K(42406K), 0.000665 secs]
4.174: [GC 42406K->42406K(42737K), 0.000475 secs]
4.196: [GC 42737K->42737K(43069K), 0.000392 secs]
4.216: [GC 43069K->43069K(43400K), 0.000394 secs]
4.235: [GC 43400K->43400K(43731K), 0.000391 secs]
4.256: [GC 43731K->43731K(44063K), 0.000394 secs]
4.277: [GC 44063K->44063K(44394K), 0.000386 secs]
4.297: [GC 44394K->44394K(44725K), 0.000391 secs]
4.317: [GC 44725K->44725K(45056K), 0.000391 secs]
4.337: [GC 45056K->45056K(45388K), 0.000388 secs]
4.364: [GC 45388K->45388K(45719K), 0.000666 secs]
4.404: [GC 45719K->45719K(46050K), 0.000669 secs]
4.430: [GC 46050K->46050K(46382K), 0.000390 secs]
4.449: [GC 46382K->46382K(46713K), 0.000394 secs]
4.469: [GC 46713K->46713K(47044K), 0.000390 secs]
4.488: [GC 47044K->47044K(47376K), 0.000398 secs]
4.508: [GC 47376K->47376K(47707K), 0.000416 secs]
4.528: [GC 47707K->47707K(48038K), 0.000688 secs]
4.565: [GC 48038K->48038K(48369K), 0.000677 secs]
4.597: [GC 48369K->48369K(48701K), 0.000545 secs]
4.618: [GC 48701K->48701K(49032K), 0.000401 secs]
4.639: [GC 49032K->49032K(49363K), 0.000384 secs]
4.659: [GC 49363K->49363K(49695K), 0.000519 secs]
4.680: [GC 49695K->49695K(50026K), 0.000381 secs]
4.716: [GC 50026K->50026K(50357K), 0.000667 secs]
4.754: [GC 50357K->50357K(50689K), 0.000456 secs]
4.776: [GC 50689K->50689K(51020K), 0.000376 secs]
4.796: [GC 51020K->51020K(51351K), 0.000381 secs]
4.816: [GC 51351K->51351K(51682K), 0.000391 secs]
4.836: [GC 51682K->51682K(52014K), 0.000387 secs]
4.857: [GC 52014K->52014K(52345K), 0.000392 secs]
4.877: [GC 52345K->52345K(52676K), 0.000388 secs]
4.897: [GC 52676K->52676K(53008K), 0.000388 secs]
4.928: [GC 53008K->53008K(53339K), 0.000736 secs]
4.969: [GC 53339K->53339K(53670K), 0.000665 secs]
4.992: [GC 53670K->53670K(54002K), 0.000402 secs]
5.012: [GC 54002K->54002K(54333K), 0.000398 secs]
5.032: [GC 54333K->54333K(54664K), 0.000392 secs]
5.053: [GC 54664K->54664K(54995K), 0.000395 secs]
5.073: [GC 54995K->54995K(55327K), 0.000385 secs]
5.093: [GC 55327K->55327K(55658K), 0.000386 secs]
5.124: [GC 55658K->55658K(55989K), 0.023388 secs]
5.174: [GC 55989K->55989K(56321K), 0.000404 secs]
5.207: [GC 56321K->56321K(56652K), 0.000684 secs]
5.246: [GC 56652K->56652K(56983K), 0.000462 secs]
5.268: [GC 56983K->56983K(57315K), 0.000404 secs]
5.287: [GC 57315K->57315K(57646K), 0.000398 secs]
5.307: [GC 57646K->57646K(57977K), 0.000391 secs]
5.326: [GC 57977K->57977K(58308K), 0.000391 secs]
5.345: [GC 58308K->58308K(58640K), 0.000413 secs]
5.363: [GC 58640K->58640K(58971K), 0.000391 secs]
5.382: [GC 58971K->58971K(59302K), 0.000392 secs]
5.401: [GC 59302K->59302K(59634K), 0.000395 secs]
5.424: [GC 59634K->59634K(59965K), 0.000663 secs]
5.461: [GC 59965K->59965K(60296K), 0.000490 secs]
5.481: [GC 60296K->60296K(60628K), 0.000393 secs]
5.499: [GC 60628K->60628K(60959K), 0.000392 secs]
5.517: [GC 60959K->60959K(61290K), 0.000386 secs]
5.535: [GC 61290K->61290K(61621K), 0.000401 secs]
5.554: [GC 61621K->61621K(61953K), 0.000390 secs]
5.574: [GC 61953K->61953K(62284K), 0.000400 secs]
5.595: [GC 62284K->62284K(62615K), 0.000408 secs]
5.617: [GC 62615K->62615K(62947K), 0.000661 secs]
5.656: [GC 62947K->62947K(63278K), 0.000663 secs]
5.688: [GC 63278K->63278K(63609K), 0.000479 secs]
5.708: [GC 63609K->63609K(63941K), 0.000390 secs]
5.728: [GC 63941K->63941K(64272K), 0.000413 secs]
5.747: [GC 64272K->64272K(64603K), 0.000392 secs]
5.766: [GC 64603K->64603K(64934K), 0.000393 secs]
5.786: [GC 64934K->64934K(65266K), 0.000461 secs]
5.805: [GC 65266K->65266K(65597K), 0.000439 secs]
5.824: [GC 65597K->65597K(65928K), 0.000390 secs]
5.845: [GC 65928K->65928K(66260K), 0.000689 secs]
5.882: [GC 66260K->66260K(66591K), 0.000673 secs]
5.913: [GC 66591K->66591K(66922K), 0.000393 secs]
5.933: [GC 66922K->66922K(67254K), 0.000397 secs]
5.953: [GC 67254K->67254K(67585K), 0.000391 secs]
5.973: [GC 67585K->67585K(67916K), 0.000389 secs]
5.993: [GC 67916K->67916K(68247K), 0.000398 secs]
6.013: [GC 68247K->68247K(68579K), 0.000400 secs]
6.033: [GC 68579K->68579K(68910K), 0.000392 secs]
6.052: [GC 68910K->68910K(69241K), 0.000392 secs]
6.080: [GC 69241K->69241K(69573K), 0.000677 secs]
6.118: [GC 69573K->69573K(69904K), 0.000710 secs]
6.144: [GC 69904K->69904K(70235K), 0.000410 secs]
6.163: [GC 70235K->70235K(70567K), 0.000394 secs]
6.182: [GC 70567K->70567K(70898K), 0.000394 secs]
6.201: [GC 70898K->70898K(71229K), 0.000447 secs]
6.220: [GC 71229K->71229K(71560K), 0.000401 secs]
6.239: [GC 71560K->71560K(71892K), 0.000393 secs]
6.257: [GC 71892K->71892K(72223K), 0.000392 secs]
6.277: [GC 72223K->72223K(72554K), 0.000394 secs]
6.297: [GC 72554K->72554K(72886K), 0.000393 secs]
6.335: [GC 72886K->72886K(73217K), 0.000682 secs]
6.370: [GC 73217K->73217K(73548K), 0.000499 secs]
6.390: [GC 73548K->73548K(73880K), 0.000391 secs]
6.410: [GC 73880K->73880K(74211K), 0.000391 secs]
6.429: [GC 74211K->74211K(74542K), 0.000394 secs]
6.449: [GC 74542K->74542K(74873K), 0.000394 secs]
6.468: [GC 74873K->74873K(75205K), 0.000404 secs]
6.487: [GC 75205K->75205K(75536K), 0.000393 secs]
6.508: [GC 75536K->75536K(75867K), 0.000399 secs]
6.528: [GC 75867K->75867K(76199K), 0.000410 secs]
6.559: [GC 76199K->76199K(76530K), 0.000666 secs]
6.598: [GC 76530K->76530K(76861K), 0.000470 secs]
6.621: [GC 76861K->76861K(77193K), 0.000390 secs]
6.641: [GC 77193K->77193K(77524K), 0.000380 secs]
6.661: [GC 77524K->77524K(77855K), 0.000440 secs]
6.682: [GC 77855K->77855K(78186K), 0.000387 secs]
6.702: [GC 78186K->78186K(78518K), 0.000389 secs]
6.722: [GC 78518K->78518K(78849K), 0.000395 secs]
6.742: [GC 78849K->78849K(79180K), 0.000393 secs]
6.762: [GC 79180K->79180K(79512K), 0.000623 secs]
6.796: [GC 79512K->79512K(79843K), 0.000663 secs]
6.833: [GC 79843K->79843K(80174K), 0.000460 secs]
6.854: [GC 80174K->80174K(80506K), 0.000387 secs]
6.873: [GC 80506K->80506K(80837K), 0.000390 secs]
6.893: [GC 80837K->80837K(81168K), 0.000394 secs]
6.914: [GC 81168K->81168K(81499K), 0.000398 secs]
6.934: [GC 81499K->81499K(81831K), 0.000393 secs]
6.954: [GC 81831K->81831K(82162K), 0.000401 secs]
6.974: [GC 82162K->82162K(82493K), 0.000391 secs]
6.994: [GC 82493K->82493K(82825K), 0.000391 secs]
7.025: [GC 82825K->82825K(83156K), 0.000673 secs]
7.065: [GC 83156K->83156K(83487K), 0.000559 secs]
7.089: [GC 83487K->83487K(83819K), 0.000392 secs]
7.109: [GC 83819K->83819K(84150K), 0.000389 secs]
7.129: [GC 84150K->84150K(84481K), 0.000392 secs]
7.150: [GC 84481K->84481K(84813K), 0.000406 secs]
7.170: [GC 84813K->84813K(85144K), 0.000407 secs]
7.190: [GC 85144K->85144K(85475K), 0.000601 secs]
7.210: [GC 85475K->85475K(85806K), 0.000432 secs]
7.230: [GC 85806K->85806K(86138K), 0.000392 secs]
7.251: [GC 86138K->86138K(86469K), 0.000673 secs]
7.291: [GC 86469K->86469K(86800K), 0.000727 secs]
7.325: [GC 86800K->86800K(87132K), 0.000465 secs]
7.347: [GC 87132K->87132K(87463K), 0.000396 secs]
7.367: [GC 87463K->87463K(87794K), 0.000391 secs]
7.387: [GC 87794K->87794K(88126K), 0.000389 secs]
7.408: [GC 88126K->88126K(88457K), 0.000395 secs]
7.428: [GC 88457K->88457K(88788K), 0.000390 secs]
7.448: [GC 88788K->88788K(89119K), 0.000387 secs]
7.468: [GC 89119K->89119K(89451K), 0.000407 secs]
7.488: [GC 89451K->89451K(89782K), 0.000399 secs]
7.524: [GC 89782K->89782K(90113K), 0.000668 secs]
7.561: [GC 90113K->90113K(90445K), 0.000466 secs]
7.583: [GC 90445K->90445K(90776K), 0.000393 secs]
7.603: [GC 90776K->90776K(91107K), 0.000395 secs]
7.622: [GC 91107K->91107K(91439K), 0.000394 secs]
7.642: [GC 91439K->91439K(91770K), 0.000390 secs]
7.661: [GC 91770K->91770K(92101K), 0.000395 secs]
7.680: [GC 92101K->92101K(92432K), 0.000423 secs]
7.699: [GC 92432K->92432K(92764K), 0.000388 secs]
7.718: [GC 92764K->92764K(93095K), 0.000406 secs]
7.737: [GC 93095K->93095K(93426K), 0.000398 secs]
7.774: [GC 93426K->93426K(93758K), 0.000679 secs]
7.808: [GC 93758K->93758K(94089K), 0.000479 secs]
7.829: [GC 94089K->94089K(94420K), 0.000399 secs]
7.849: [GC 94420K->94420K(94752K), 0.000401 secs]
7.870: [GC 94752K->94752K(95083K), 0.000400 secs]
7.890: [GC 95083K->95083K(95414K), 0.000388 secs]
7.910: [GC 95414K->95414K(95745K), 0.000391 secs]
7.930: [GC 95745K->95745K(96077K), 0.000385 secs]
7.951: [GC 96077K->96077K(96408K), 0.000389 secs]
7.971: [GC 96408K->96408K(96739K), 0.000392 secs]
7.995: [GC 96739K->96739K(97071K), 0.000661 secs]
8.034: [GC 97071K->97071K(97402K), 0.000708 secs]
8.063: [GC 97402K->97402K(97733K), 0.000379 secs]
8.083: [GC 97733K->97733K(98065K), 0.000377 secs]
8.103: [GC 98065K->98065K(98396K), 0.000379 secs]
8.122: [GC 98396K->98396K(98727K), 0.000388 secs]
8.141: [GC 98727K->98727K(99058K), 0.000447 secs]
8.160: [GC 99058K->99058K(99390K), 0.000384 secs]
8.179: [GC 99390K->99390K(99721K), 0.000388 secs]
8.201: [GC 99721K->99721K(100052K), 0.000746 secs]
8.238: [GC 100052K->100052K(100384K), 0.000684 secs]
8.270: [GC 100384K->100384K(100715K), 0.000451 secs]
8.291: [GC 100715K->100715K(101046K), 0.000394 secs]
8.311: [GC 101046K->101046K(101378K), 0.000386 secs]
8.332: [GC 101378K->101378K(101709K), 0.000378 secs]
8.352: [GC 101709K->101709K(102040K), 0.000391 secs]
8.377: [GC 102040K->102040K(102371K), 0.000711 secs]
8.418: [GC 102371K->102371K(102703K), 0.000697 secs]
8.450: [GC 102703K->102703K(103034K), 0.000484 secs]
8.470: [GC 103034K->103034K(103365K), 0.000399 secs]
8.491: [GC 103365K->103365K(103697K), 0.000505 secs]
8.512: [GC 103697K->103697K(104028K), 0.000390 secs]
8.545: [GC 104028K->104028K(104359K), 0.000763 secs]
8.586: [GC 104359K->104359K(104691K), 0.000486 secs]
8.610: [GC 104691K->104691K(105022K), 0.000390 secs]
8.630: [GC 105022K->105022K(105353K), 0.000393 secs]
8.653: [GC 105353K->105353K(105684K), 0.000497 secs]
8.678: [GC 105684K->105684K(106016K), 0.000683 secs]
8.720: [GC 106016K->106016K(106347K), 0.000737 secs]
8.749: [GC 106347K->106347K(106678K), 0.001169 secs]
8.771: [GC 106678K->106678K(107010K), 0.000392 secs]
8.792: [GC 107010K->107010K(107341K), 0.000378 secs]
8.813: [GC 107341K->107341K(107672K), 0.000427 secs]
8.855: [GC 107672K->107672K(108004K), 0.000671 secs]
8.892: [GC 108004K->108004K(108335K), 0.001510 secs]
8.914: [GC 108335K->108335K(108666K), 0.000389 secs]
8.936: [GC 108666K->108666K(108997K), 0.000450 secs]
8.957: [GC 108997K->108997K(109329K), 0.000377 secs]
8.996: [GC 109329K->109329K(109660K), 0.000684 secs]
9.032: [GC 109660K->109660K(109991K), 0.000476 secs]
9.053: [GC 109991K->109991K(110323K), 0.000419 secs]
9.074: [GC 110323K->110323K(110654K), 0.000386 secs]
9.095: [GC 110654K->110654K(110985K), 0.000439 secs]
9.133: [GC 110985K->110985K(111317K), 0.000678 secs]
9.173: [GC 111317K->111317K(111648K), 0.000459 secs]
9.196: [GC 111648K->111648K(111979K), 0.000465 secs]
9.217: [GC 111979K->111979K(112310K), 0.000392 secs]
9.237: [GC 112310K->112310K(112642K), 0.000379 secs]
9.258: [GC 112642K->112642K(112973K), 0.000386 secs]
9.289: [GC 112973K->112973K(113304K), 0.000661 secs]
9.329: [GC 113304K->113304K(113636K), 0.000453 secs]
9.352: [GC 113636K->113636K(113967K), 0.000390 secs]
9.372: [GC 113967K->113967K(114298K), 0.000404 secs]
9.393: [GC 114298K->114298K(114630K), 0.000407 secs]
9.414: [GC 114630K->114630K(114961K), 0.000389 secs]
9.434: [GC 114961K->114961K(115292K), 0.000396 secs]
9.455: [GC 115292K->115292K(115623K), 0.000407 secs]
9.479: [GC 115623K->115623K(115955K), 0.000660 secs]
9.520: [GC 115955K->115955K(116286K), 0.000668 secs]
9.548: [GC 116286K->116286K(116617K), 0.000400 secs]
9.568: [GC 116617K->116617K(116949K), 0.000390 secs]
9.589: [GC 116949K->116949K(117280K), 0.000389 secs]
9.609: [GC 117280K->117280K(117611K), 0.000381 secs]
9.630: [GC 117611K->117611K(117943K), 0.000390 secs]
9.650: [GC 117943K->117943K(118274K), 0.000386 secs]
9.671: [GC 118274K->118274K(118605K), 0.000432 secs]
9.700: [GC 118605K->118605K(118936K), 0.000660 secs]
9.743: [GC 118936K->118936K(119268K), 0.000662 secs]
9.767: [GC 119268K->119268K(119599K), 0.000389 secs]
9.789: [GC 119599K->119599K(119930K), 0.000386 secs]
9.811: [GC 119930K->119930K(120262K), 0.000415 secs]
9.833: [GC 120262K->120262K(120593K), 0.000388 secs]
9.855: [GC 120593K->120593K(120924K), 0.000386 secs]
9.876: [GC 120924K->120924K(121256K), 0.000389 secs]
9.898: [GC 121256K->121256K(121587K), 0.000388 secs]
9.941: [GC 121587K->121587K(121918K), 0.000701 secs]
9.976: [GC 121918K->121918K(122249K), 0.000477 secs]
10.007: [GC 122249K->122249K(122581K), 0.000409 secs]
10.029: [GC 122581K->122581K(122912K), 0.000374 secs]
10.049: [GC 122912K->122912K(123243K), 0.000394 secs]
10.068: [GC 123243K->123243K(123575K), 0.000417 secs]
10.088: [GC 123575K->123575K(123906K), 0.000403 secs]
10.107: [GC 123906K->123906K(124237K), 0.000385 secs]
10.129: [GC 124237K->124237K(124569K), 0.000391 secs]
10.148: [GC 124569K->124569K(124900K), 0.000381 secs]
10.168: [GC 124900K->124900K(125231K), 0.000399 secs]
10.189: [GC 125231K->125231K(125562K), 0.000603 secs]
10.211: [GC 125562K->125562K(125894K), 0.000384 secs]
10.233: [GC 125894K->125894K(126225K), 0.000399 secs]
10.255: [GC 126225K->126225K(126556K), 0.000400 secs]
10.277: [GC 126556K->126556K(126888K), 0.000380 secs]
10.300: [GC 126888K->126888K(127219K), 0.000664 secs]
10.338: [GC 127219K->127219K(127550K), 0.000676 secs]
10.373: [GC 127550K->127550K(127882K), 0.000455 secs]
10.394: [GC 127882K->127882K(128213K), 0.000395 secs]
10.413: [GC 128213K->128213K(128544K), 0.000391 secs]
10.433: [GC 128544K->128544K(128876K), 0.000384 secs]
10.455: [GC 128876K->128876K(129207K), 0.000403 secs]
10.477: [GC 129207K->129207K(129538K), 0.000383 secs]
10.499: [GC 129538K->129538K(129869K), 0.000387 secs]
10.520: [GC 129869K->129869K(130201K), 0.000389 secs]
10.543: [GC 130201K->130201K(130532K), 0.000390 secs]
10.564: [GC 130532K->130532K(130863K), 0.000391 secs]
10.583: [GC 130863K->130863K(131195K), 0.000386 secs]
10.603: [GC 131195K->131195K(131526K), 0.000381 secs]
10.622: [GC 131526K->131526K(131857K), 0.000402 secs]
10.647: [GC 131857K->131857K(132189K), 0.000667 secs]
10.686: [GC 132189K->132189K(132520K), 0.000683 secs]
10.725: [GC 132520K->132520K(132851K), 0.000394 secs]
10.747: [GC 132851K->132851K(133182K), 0.000384 secs]
10.769: [GC 133182K->133182K(133514K), 0.000401 secs]
10.791: [GC 133514K->133514K(133845K), 0.000390 secs]
10.813: [GC 133845K->133845K(134176K), 0.000396 secs]
10.835: [GC 134176K->134176K(134508K), 0.000389 secs]
10.855: [GC 134508K->134508K(134839K), 0.000395 secs]
10.874: [GC 134839K->134839K(135170K), 0.000392 secs]
10.893: [GC 135170K->135170K(135502K), 0.000391 secs]
10.914: [GC 135502K->135502K(135833K), 0.000387 secs]
10.936: [GC 135833K->135833K(136164K), 0.000399 secs]
10.959: [GC 136164K->136164K(136495K), 0.000385 secs]
10.980: [GC 136495K->136495K(136827K), 0.000383 secs]
11.002: [GC 136827K->136827K(137158K), 0.000394 secs]
11.024: [GC 137158K->137158K(137489K), 0.000398 secs]
11.055: [GC 137489K->137489K(137821K), 0.000683 secs]
11.093: [GC 137821K->137821K(138152K), 0.000674 secs]
11.124: [GC 138152K->138152K(138483K), 0.000405 secs]
11.149: [GC 138483K->138483K(138815K), 0.000379 secs]
11.173: [GC 138815K->138815K(139146K), 0.000375 secs]
11.195: [GC 139146K->139146K(139477K), 0.000416 secs]
11.217: [GC 139477K->139477K(139808K), 0.000395 secs]
11.239: [GC 139808K->139808K(140140K), 0.000417 secs]
11.261: [GC 140140K->140140K(140471K), 0.000441 secs]
11.286: [GC 140471K->140471K(140802K), 0.000673 secs]
11.330: [GC 140802K->140802K(141134K), 0.000659 secs]
11.368: [GC 141134K->141134K(141465K), 0.000454 secs]
11.391: [GC 141465K->141465K(141796K), 0.000457 secs]
11.413: [GC 141796K->141796K(142128K), 0.000394 secs]
11.436: [GC 142128K->142128K(142459K), 0.000386 secs]
11.458: [GC 142459K->142459K(142790K), 0.000403 secs]
11.479: [GC 142790K->142790K(143121K), 0.000376 secs]
11.498: [GC 143121K->143121K(143453K), 0.000391 secs]
11.518: [GC 143453K->143453K(143784K), 0.000386 secs]
11.538: [GC 143784K->143784K(144115K), 0.000398 secs]
11.561: [GC 144115K->144115K(144447K), 0.000390 secs]
11.583: [GC 144447K->144447K(144778K), 0.000390 secs]
11.605: [GC 144778K->144778K(145109K), 0.000383 secs]
11.627: [GC 145109K->145109K(145441K), 0.000395 secs]
11.649: [GC 145441K->145441K(145772K), 0.000406 secs]
11.671: [GC 145772K->145772K(146103K), 0.000383 secs]
11.693: [GC 146103K->146103K(146434K), 0.000393 secs]
11.719: [GC 146434K->146434K(146766K), 0.000663 secs]
11.757: [GC 146766K->146766K(147097K), 0.000664 secs]
11.793: [GC 147097K->147097K(147428K), 0.000396 secs]
11.821: [GC 147428K->147428K(147760K), 0.000602 secs]
11.844: [GC 147760K->147760K(148091K), 0.000391 secs]
11.866: [GC 148091K->148091K(148422K), 0.000399 secs]
11.888: [GC 148422K->148422K(148754K), 0.000408 secs]
11.919: [GC 148754K->148754K(149085K), 0.000674 secs]
11.962: [GC 149085K->149085K(149416K), 0.000671 secs]
11.989: [GC 149416K->149416K(149747K), 0.000389 secs]
12.008: [GC 149747K->149747K(150079K), 0.000384 secs]
12.030: [GC 150079K->150079K(150410K), 0.000386 secs]
12.052: [GC 150410K->150410K(150741K), 0.000391 secs]
12.075: [GC 150741K->150741K(151073K), 0.000415 secs]
12.097: [GC 151073K->151073K(151404K), 0.000398 secs]
12.139: [GC 151404K->151404K(151735K), 0.000679 secs]
12.176: [GC 151735K->151735K(152067K), 0.000453 secs]
12.202: [GC 152067K->152067K(152398K), 0.000386 secs]
12.224: [GC 152398K->152398K(152729K), 0.000384 secs]
12.243: [GC 152729K->152729K(153060K), 0.000392 secs]
12.265: [GC 153060K->153060K(153392K), 0.000403 secs]
12.287: [GC 153392K->153392K(153723K), 0.000403 secs]
12.321: [GC 153723K->153723K(154054K), 0.000661 secs]
12.365: [GC 154054K->154054K(154386K), 0.000463 secs]
12.390: [GC 154386K->154386K(154717K), 0.000380 secs]
12.413: [GC 154717K->154717K(155048K), 0.000392 secs]
12.436: [GC 155048K->155048K(155380K), 0.000383 secs]
12.458: [GC 155380K->155380K(155711K), 0.000388 secs]
12.479: [GC 155711K->155711K(156042K), 0.000383 secs]
12.501: [GC 156042K->156042K(156373K), 0.000426 secs]
12.528: [GC 156373K->156373K(156705K), 0.000649 secs]
12.572: [GC 156705K->156705K(157036K), 0.000667 secs]
12.603: [GC 157036K->157036K(157367K), 0.000382 secs]
12.625: [GC 157367K->157367K(157699K), 0.000391 secs]
12.648: [GC 157699K->157699K(158030K), 0.000393 secs]
12.670: [GC 158030K->158030K(158361K), 0.000387 secs]
12.692: [GC 158361K->158361K(158693K), 0.000386 secs]
12.711: [GC 158693K->158693K(159024K), 0.000432 secs]
12.734: [GC 159024K->159024K(159355K), 0.000390 secs]
12.756: [GC 159355K->159355K(159686K), 0.000385 secs]
12.797: [GC 159686K->159686K(160018K), 0.000662 secs]
12.835: [GC 160018K->160018K(160349K), 0.000454 secs]
12.859: [GC 160349K->160349K(160680K), 0.000386 secs]
12.881: [GC 160680K->160680K(161012K), 0.000387 secs]
12.903: [GC 161012K->161012K(161343K), 0.000407 secs]
12.928: [GC 161343K->161343K(161674K), 0.000372 secs]
12.957: [GC 161674K->161674K(162006K), 0.000664 secs]
12.995: [GC 162006K->162006K(162337K), 0.000659 secs]
13.022: [GC 162337K->162337K(162668K), 0.000384 secs]
13.045: [GC 162668K->162668K(162999K), 0.000392 secs]
13.067: [GC 162999K->162999K(163331K), 0.000393 secs]
13.089: [GC 163331K->163331K(163662K), 0.000389 secs]
13.111: [GC 163662K->163662K(163993K), 0.000424 secs]
13.134: [GC 163993K->163993K(164325K), 0.000391 secs]
13.157: [GC 164325K->164325K(164656K), 0.000667 secs]
13.201: [GC 164656K->164656K(164987K), 0.000663 secs]
13.234: [GC 164987K->164987K(165319K), 0.000406 secs]
13.254: [GC 165319K->165319K(165650K), 0.000388 secs]
13.273: [GC 165650K->165650K(165981K), 0.000398 secs]
13.293: [GC 165981K->165981K(166312K), 0.000393 secs]
13.312: [GC 166312K->166312K(166644K), 0.000383 secs]
13.331: [GC 166644K->166644K(166975K), 0.000438 secs]
13.354: [GC 166975K->166975K(167306K), 0.000383 secs]
13.377: [GC 167306K->167306K(167638K), 0.000664 secs]
13.421: [GC 167638K->167638K(167969K), 0.000775 secs]
13.456: [GC 167969K->167969K(168300K), 0.000396 secs]
13.478: [GC 168300K->168300K(168632K), 0.000414 secs]
13.501: [GC 168632K->168632K(168963K), 0.000388 secs]
13.523: [GC 168963K->168963K(169294K), 0.000391 secs]
13.545: [GC 169294K->169294K(169626K), 0.000398 secs]
13.568: [GC 169626K->169626K(169957K), 0.000399 secs]
13.601: [GC 169957K->169957K(170288K), 0.000668 secs]
13.644: [GC 170288K->170288K(170619K), 0.000462 secs]
13.668: [GC 170619K->170619K(170951K), 0.000385 secs]
13.690: [GC 170951K->170951K(171282K), 0.000392 secs]
13.712: [GC 171282K->171282K(171613K), 0.000391 secs]
13.735: [GC 171613K->171613K(171945K), 0.000415 secs]
13.757: [GC 171945K->171945K(172276K), 0.000383 secs]
13.779: [GC 172276K->172276K(172607K), 0.000385 secs]
13.801: [GC 172607K->172607K(172939K), 0.000429 secs]
13.841: [GC 172939K->172939K(173270K), 0.000723 secs]
13.879: [GC 173270K->173270K(173601K), 0.000451 secs]
13.901: [GC 173601K->173601K(173932K), 0.000436 secs]
13.924: [GC 173932K->173932K(174264K), 0.000385 secs]
13.946: [GC 174264K->174264K(174595K), 0.000392 secs]
13.968: [GC 174595K->174595K(174926K), 0.000396 secs]
13.990: [GC 174926K->174926K(175258K), 0.000389 secs]
14.013: [GC 175258K->175258K(175589K), 0.000386 secs]
14.047: [GC 175589K->175589K(175920K), 0.000667 secs]
14.090: [GC 175920K->175920K(176252K), 0.000453 secs]
14.113: [GC 176252K->176252K(176583K), 0.000384 secs]
14.133: [GC 176583K->176583K(176914K), 0.000390 secs]
14.152: [GC 176914K->176914K(177245K), 0.000382 secs]
14.171: [GC 177245K->177245K(177577K), 0.000455 secs]
14.191: [GC 177577K->177577K(177908K), 0.000384 secs]
14.212: [GC 177908K->177908K(178239K), 0.000384 secs]
14.243: [GC 178239K->178239K(178571K), 0.000684 secs]
14.287: [GC 178571K->178571K(178902K), 0.000669 secs]
14.312: [GC 178902K->178902K(179233K), 0.000390 secs]
14.335: [GC 179233K->179233K(179565K), 0.000384 secs]
14.357: [GC 179565K->179565K(179896K), 0.000398 secs]
14.379: [GC 179896K->179896K(180227K), 0.000375 secs]
14.420: [GC 180227K->180227K(180558K), 0.000374 secs]
14.458: [GC 180558K->180558K(180890K), 0.000745 secs]
14.499: [GC 180890K->180890K(181221K), 0.000469 secs]
14.520: [GC 181221K->181221K(181552K), 0.000384 secs]
14.543: [GC 181552K->181552K(181884K), 0.000386 secs]
14.567: [GC 181884K->181884K(182215K), 0.000696 secs]
14.611: [GC 182215K->182215K(182546K), 0.000729 secs]
14.646: [GC 182546K->182546K(182878K), 0.000447 secs]
14.669: [GC 182878K->182878K(183209K), 0.000402 secs]
14.692: [GC 183209K->183209K(183540K), 0.000457 secs]
14.718: [GC 183540K->183540K(183871K), 0.000667 secs]
14.764: [GC 183871K->183871K(184203K), 0.000706 secs]
14.795: [GC 184203K->184203K(184534K), 0.000429 secs]
14.819: [GC 184534K->184534K(184865K), 0.000401 secs]
14.840: [GC 184865K->184865K(185197K), 0.000399 secs]
14.862: [GC 185197K->185197K(185528K), 0.000390 secs]
14.894: [GC 185528K->185528K(185859K), 0.000692 secs]
14.938: [GC 185859K->185859K(186191K), 0.000457 secs]
14.963: [GC 186191K->186191K(186522K), 0.000377 secs]
14.985: [GC 186522K->186522K(186853K), 0.000385 secs]
15.007: [GC 186853K->186853K(187184K), 0.000391 secs]
15.030: [GC 187184K->187184K(187516K), 0.000379 secs]
15.052: [GC 187516K->187516K(187847K), 0.000392 secs]
15.075: [GC 187847K->187847K(188178K), 0.000414 secs]
15.100: [GC 188178K->188178K(188510K), 0.000655 secs]
15.144: [GC 188510K->188510K(188841K), 0.000694 secs]
15.177: [GC 188841K->188841K(189172K), 0.000402 secs]
15.200: [GC 189172K->189172K(189504K), 0.000393 secs]
15.222: [GC 189504K->189504K(189835K), 0.000414 secs]
15.245: [GC 189835K->189835K(190166K), 0.000420 secs]
15.265: [GC 190166K->190166K(190497K), 0.000419 secs]
15.291: [GC 190497K->190497K(190829K), 0.000681 secs]
15.335: [GC 190829K->190829K(191160K), 0.000683 secs]
15.362: [GC 191160K->191160K(191491K), 0.000402 secs]
15.385: [GC 191491K->191491K(191823K), 0.000418 secs]
15.407: [GC 191823K->191823K(192154K), 0.000411 secs]
15.438: [GC 192154K->192154K(192485K), 0.000402 secs]
15.457: [GC 192485K->192485K(192817K), 0.000400 secs]
15.480: [GC 192817K->192817K(193148K), 0.000393 secs]
15.514: [GC 193148K->193148K(193479K), 0.000709 secs]
15.557: [GC 193479K->193479K(193810K), 0.000463 secs]
15.582: [GC 193810K->193810K(194142K), 0.000394 secs]
15.605: [GC 194142K->194142K(194473K), 0.000413 secs]
15.627: [GC 194473K->194473K(194804K), 0.000395 secs]
15.650: [GC 194804K->194804K(195136K), 0.000371 secs]
15.673: [GC 195136K->195136K(195467K), 0.000402 secs]
15.709: [GC 195467K->195467K(195798K), 0.000669 secs]
15.749: [GC 195798K->195798K(196130K), 0.000463 secs]
15.772: [GC 196130K->196130K(196461K), 0.000402 secs]
15.794: [GC 196461K->196461K(196792K), 0.000399 secs]
15.817: [GC 196792K->196792K(197123K), 0.000398 secs]
15.839: [GC 197123K->197123K(197455K), 0.000403 secs]
15.861: [GC 197455K->197455K(197786K), 0.000427 secs]
15.884: [GC 197786K->197786K(198117K), 0.000390 secs]
15.915: [GC 198117K->198117K(198449K), 0.000691 secs]
15.960: [GC 198449K->198449K(198780K), 0.000673 secs]
15.988: [GC 198780K->198780K(199111K), 0.000433 secs]
16.011: [GC 199111K->199111K(199443K), 0.000393 secs]
16.033: [GC 199443K->199443K(199774K), 0.000407 secs]
16.056: [GC 199774K->199774K(200105K), 0.000411 secs]
16.076: [GC 200105K->200105K(200436K), 0.000409 secs]
16.098: [GC 200436K->200436K(200768K), 0.000401 secs]
16.131: [GC 200768K->200768K(201099K), 0.000760 secs]
16.170: [GC 201099K->201099K(201430K), 0.000677 secs]
16.194: [GC 201430K->201430K(201762K), 0.000392 secs]
16.215: [GC 201762K->201762K(202093K), 0.000431 secs]
16.235: [GC 202093K->202093K(202424K), 0.000413 secs]
16.254: [GC 202424K->202424K(202756K), 0.000395 secs]
16.274: [GC 202756K->202756K(203087K), 0.000399 secs]
16.293: [GC 203087K->203087K(203418K), 0.000394 secs]
16.312: [GC 203418K->203418K(203749K), 0.000395 secs]
16.343: [GC 203749K->203749K(204081K), 0.000677 secs]
16.383: [GC 204081K->204081K(204412K), 0.000661 secs]
16.407: [GC 204412K->204412K(204743K), 0.000388 secs]
16.426: [GC 204743K->204743K(205075K), 0.000388 secs]
16.446: [GC 205075K->205075K(205406K), 0.000390 secs]
16.465: [GC 205406K->205406K(205737K), 0.000392 secs]
16.485: [GC 205737K->205737K(206069K), 0.000390 secs]
16.504: [GC 206069K->206069K(206400K), 0.000388 secs]
16.524: [GC 206400K->206400K(206731K), 0.000392 secs]
16.544: [GC 206731K->206731K(207062K), 0.000393 secs]
16.581: [GC 207062K->207062K(207394K), 0.000734 secs]
16.616: [GC 207394K->207394K(207725K), 0.000453 secs]
16.636: [GC 207725K->207725K(208056K), 0.000391 secs]
16.656: [GC 208056K->208056K(208388K), 0.000392 secs]
16.675: [GC 208388K->208388K(208719K), 0.000393 secs]
16.695: [GC 208719K->208719K(209050K), 0.000390 secs]
16.715: [GC 209050K->209050K(209382K), 0.000437 secs]
16.734: [GC 209382K->209382K(209713K), 0.000409 secs]
16.753: [GC 209713K->209713K(210044K), 0.000406 secs]
16.782: [GC 210044K->210044K(210375K), 0.000678 secs]
16.821: [GC 210375K->210375K(210707K), 0.000676 secs]
16.847: [GC 210707K->210707K(211038K), 0.000401 secs]
16.867: [GC 211038K->211038K(211369K), 0.000399 secs]
16.886: [GC 211369K->211369K(211701K), 0.000393 secs]
16.905: [GC 211701K->211701K(212032K), 0.000398 secs]
16.925: [GC 212032K->212032K(212363K), 0.000394 secs]
16.944: [GC 212363K->212363K(212695K), 0.000389 secs]
16.964: [GC 212695K->212695K(213026K), 0.000384 secs]
16.983: [GC 213026K->213026K(213357K), 0.000384 secs]
17.018: [GC 213357K->213357K(213689K), 0.000680 secs]
17.054: [GC 213689K->213689K(214020K), 0.000457 secs]
17.075: [GC 214020K->214020K(214351K), 0.000406 secs]
17.094: [GC 214351K->214351K(214682K), 0.000384 secs]
17.113: [GC 214682K->214682K(215014K), 0.000383 secs]
17.133: [GC 215014K->215014K(215345K), 0.000393 secs]
17.152: [GC 215345K->215345K(215676K), 0.000395 secs]
17.172: [GC 215676K->215676K(216008K), 0.000386 secs]
17.191: [GC 216008K->216008K(216339K), 0.000389 secs]
17.213: [GC 216339K->216339K(216670K), 0.000655 secs]
17.251: [GC 216670K->216670K(217002K), 0.000736 secs]
17.283: [GC 217002K->217002K(217333K), 0.000388 secs]
17.302: [GC 217333K->217333K(217664K), 0.000389 secs]
17.321: [GC 217664K->217664K(217995K), 0.000380 secs]
17.341: [GC 217995K->217995K(218327K), 0.000387 secs]
17.360: [GC 218327K->218327K(218658K), 0.000384 secs]
17.380: [GC 218658K->218658K(218989K), 0.000391 secs]
17.400: [GC 218989K->218989K(219321K), 0.000393 secs]
17.420: [GC 219321K->219321K(219652K), 0.000391 secs]
17.452: [GC 219652K->219652K(219983K), 0.000658 secs]
17.492: [GC 219983K->219983K(220315K), 0.000699 secs]
17.516: [GC 220315K->220315K(220646K), 0.000385 secs]
17.536: [GC 220646K->220646K(220977K), 0.000379 secs]
17.556: [GC 220977K->220977K(221308K), 0.000393 secs]
17.576: [GC 221308K->221308K(221640K), 0.000389 secs]
17.596: [GC 221640K->221640K(221971K), 0.000387 secs]
17.616: [GC 221971K->221971K(222302K), 0.000393 secs]
17.636: [GC 222302K->222302K(222634K), 0.000396 secs]
17.656: [GC 222634K->222634K(222965K), 0.000388 secs]
17.697: [GC 222965K->222965K(223296K), 0.000660 secs]
17.730: [GC 223296K->223296K(223628K), 0.000460 secs]
17.750: [GC 223628K->223628K(223959K), 0.000385 secs]
17.770: [GC 223959K->223959K(224290K), 0.000385 secs]
17.791: [GC 224290K->224290K(224621K), 0.000392 secs]
17.811: [GC 224621K->224621K(224953K), 0.000388 secs]
17.831: [GC 224953K->224953K(225284K), 0.000454 secs]
17.852: [GC 225284K->225284K(225615K), 0.000390 secs]
17.872: [GC 225615K->225615K(225947K), 0.000391 secs]
17.905: [GC 225947K->225947K(226278K), 0.000666 secs]
17.944: [GC 226278K->226278K(226609K), 0.000667 secs]
17.968: [GC 226609K->226609K(226941K), 0.000389 secs]
17.989: [GC 226941K->226941K(227272K), 0.000394 secs]
18.009: [GC 227272K->227272K(227603K), 0.000387 secs]
18.029: [GC 227603K->227603K(227934K), 0.000387 secs]
18.049: [GC 227934K->227934K(228266K), 0.000392 secs]
18.070: [GC 228266K->228266K(228597K), 0.000521 secs]
18.090: [GC 228597K->228597K(228928K), 0.000389 secs]
18.118: [GC 228928K->228928K(229260K), 0.000682 secs]
18.159: [GC 229260K->229260K(229591K), 0.000660 secs]
